---
source: crates/embucket-functions/src/tests/conversion/to_decimal.rs
description: "\"SELECT TO_DECIMAL(NULL, 7, 2)\""
---
Ok(
    [
        "+------------------------------------+",
        "| to_decimal(NULL,Int64(7),Int64(2)) |",
        "+------------------------------------+",
        "|                                    |",
        "+------------------------------------+",
    ],
)
