---
source: crates/embucket-functions/src/tests/conversion/to_decimal.rs
description: "\"SELECT\n       TO_DECIMAL(column1) as convert_null\n    FROM VALUES (10), (null)\""
---
Ok(
    [
        "+--------------+",
        "| convert_null |",
        "+--------------+",
        "| 10           |",
        "|              |",
        "+--------------+",
    ],
)
