---
source: crates/api-snowflake-rest/src/tests/test_rest_quick_sqls.rs
description: "SQL #1 [spent: 201/201ms]: ALTER TABLE missing_db.public.test2 ADD COLUMN new_col INT\nQuery UUID: 00000000-0000-0000-0000-077ed56a2b25"
expression: pretty_json
---
{
  "data": {
    "rowtype": [],
    "rowsetBase64": null,
    "rowset": null,
    "total": null,
    "queryResultFormat": null,
    "errorCode": "002003",
    "sqlState": "02000",
    "queryId": "UUID"
  },
  "success": false,
  "message": "SQL compilation error: Database 'missing_db' does not exist or not authorized",
  "code": "002003"
}
