---
source: crates/api-snowflake-rest/src/tests/test_rest_quick_sqls.rs
description: "SQL #1 [spent: 202/202ms]: create table foo\nQuery UUID: 00000000-0000-0000-0000-077ee5805263"
expression: pretty_json
---
{
  "data": {
    "rowtype": [],
    "rowsetBase64": null,
    "rowset": null,
    "total": null,
    "queryResultFormat": null,
    "errorCode": "010001",
    "sqlState": "02000",
    "queryId": "UUID"
  },
  "success": false,
  "message": "SQL parser error: sql parser error: syntax error unexpected end of input",
  "code": "010001"
}
