---
source: crates/core-executor/src/tests/sql/logical_analyzer/custom_type_coercion.rs
description: "\"SELECT 1/2   AS a, 2/4   AS b,  2/4/3.0*100 AS c\""
---
Ok(
    [
        "+--------------------+--------------------+-------------------------+",
        "| a                  | b                  | c                       |",
        "+--------------------+--------------------+-------------------------+",
        "| 0.5000000000000000 | 0.5000000000000000 | 16.66666666666666666600 |",
        "+--------------------+--------------------+-------------------------+",
    ],
)
